// Jest Snapshot v1, https://goo.gl/fbAQLP

exports[`render children 1`] = `
Array [
  <div>
    Some div
  </div>,
  <hotlight-modal />,
]
`;
